Archive member included to satisfy reference by file (symbol)

/home/bmc/tools/stm32cubeide/plugins/com.st.stm32cube.ide.mcu.externaltools.gnu-tools-for-stm32.12.3.rel1.linux64_1.1.0.202410170702/tools/bin/../lib/gcc/arm-none-eabi/12.3.1/../../../../arm-none-eabi/lib/thumb/v6-m/nofp/libc_nano.a(libc_a-exit.o)
                              /home/bmc/tools/stm32cubeide/plugins/com.st.stm32cube.ide.mcu.externaltools.gnu-tools-for-stm32.12.3.rel1.linux64_1.1.0.202410170702/tools/bin/../lib/gcc/arm-none-eabi/12.3.1/../../../../arm-none-eabi/lib/thumb/v6-m/nofp/crt0.o (exit)
/home/bmc/tools/stm32cubeide/plugins/com.st.stm32cube.ide.mcu.externaltools.gnu-tools-for-stm32.12.3.rel1.linux64_1.1.0.202410170702/tools/bin/../lib/gcc/arm-none-eabi/12.3.1/../../../../arm-none-eabi/lib/thumb/v6-m/nofp/libc_nano.a(libc_a-findfp.o)
                              /home/bmc/tools/stm32cubeide/plugins/com.st.stm32cube.ide.mcu.externaltools.gnu-tools-for-stm32.12.3.rel1.linux64_1.1.0.202410170702/tools/bin/../lib/gcc/arm-none-eabi/12.3.1/../../../../arm-none-eabi/lib/thumb/v6-m/nofp/libc_nano.a(libc_a-exit.o) (__stdio_exit_handler)
/home/bmc/tools/stm32cubeide/plugins/com.st.stm32cube.ide.mcu.externaltools.gnu-tools-for-stm32.12.3.rel1.linux64_1.1.0.202410170702/tools/bin/../lib/gcc/arm-none-eabi/12.3.1/../../../../arm-none-eabi/lib/thumb/v6-m/nofp/libc_nano.a(libc_a-fwalk.o)
                              /home/bmc/tools/stm32cubeide/plugins/com.st.stm32cube.ide.mcu.externaltools.gnu-tools-for-stm32.12.3.rel1.linux64_1.1.0.202410170702/tools/bin/../lib/gcc/arm-none-eabi/12.3.1/../../../../arm-none-eabi/lib/thumb/v6-m/nofp/libc_nano.a(libc_a-findfp.o) (_fwalk_sglue)
/home/bmc/tools/stm32cubeide/plugins/com.st.stm32cube.ide.mcu.externaltools.gnu-tools-for-stm32.12.3.rel1.linux64_1.1.0.202410170702/tools/bin/../lib/gcc/arm-none-eabi/12.3.1/../../../../arm-none-eabi/lib/thumb/v6-m/nofp/libc_nano.a(libc_a-snprintf.o)
                              ./Core/Src/ssd1306_tests.o (snprintf)
/home/bmc/tools/stm32cubeide/plugins/com.st.stm32cube.ide.mcu.externaltools.gnu-tools-for-stm32.12.3.rel1.linux64_1.1.0.202410170702/tools/bin/../lib/gcc/arm-none-eabi/12.3.1/../../../../arm-none-eabi/lib/thumb/v6-m/nofp/libc_nano.a(libc_a-stdio.o)
                              /home/bmc/tools/stm32cubeide/plugins/com.st.stm32cube.ide.mcu.externaltools.gnu-tools-for-stm32.12.3.rel1.linux64_1.1.0.202410170702/tools/bin/../lib/gcc/arm-none-eabi/12.3.1/../../../../arm-none-eabi/lib/thumb/v6-m/nofp/libc_nano.a(libc_a-findfp.o) (__sread)
/home/bmc/tools/stm32cubeide/plugins/com.st.stm32cube.ide.mcu.externaltools.gnu-tools-for-stm32.12.3.rel1.linux64_1.1.0.202410170702/tools/bin/../lib/gcc/arm-none-eabi/12.3.1/../../../../arm-none-eabi/lib/thumb/v6-m/nofp/libc_nano.a(libc_a-memmove.o)
                              ./Core/Src/ssd1306_tests.o (memmove)
/home/bmc/tools/stm32cubeide/plugins/com.st.stm32cube.ide.mcu.externaltools.gnu-tools-for-stm32.12.3.rel1.linux64_1.1.0.202410170702/tools/bin/../lib/gcc/arm-none-eabi/12.3.1/../../../../arm-none-eabi/lib/thumb/v6-m/nofp/libc_nano.a(libc_a-memset.o)
                              /home/bmc/tools/stm32cubeide/plugins/com.st.stm32cube.ide.mcu.externaltools.gnu-tools-for-stm32.12.3.rel1.linux64_1.1.0.202410170702/tools/bin/../lib/gcc/arm-none-eabi/12.3.1/../../../../arm-none-eabi/lib/thumb/v6-m/nofp/crt0.o (memset)
/home/bmc/tools/stm32cubeide/plugins/com.st.stm32cube.ide.mcu.externaltools.gnu-tools-for-stm32.12.3.rel1.linux64_1.1.0.202410170702/tools/bin/../lib/gcc/arm-none-eabi/12.3.1/../../../../arm-none-eabi/lib/thumb/v6-m/nofp/libc_nano.a(libc_a-closer.o)
                              /home/bmc/tools/stm32cubeide/plugins/com.st.stm32cube.ide.mcu.externaltools.gnu-tools-for-stm32.12.3.rel1.linux64_1.1.0.202410170702/tools/bin/../lib/gcc/arm-none-eabi/12.3.1/../../../../arm-none-eabi/lib/thumb/v6-m/nofp/libc_nano.a(libc_a-stdio.o) (_close_r)
/home/bmc/tools/stm32cubeide/plugins/com.st.stm32cube.ide.mcu.externaltools.gnu-tools-for-stm32.12.3.rel1.linux64_1.1.0.202410170702/tools/bin/../lib/gcc/arm-none-eabi/12.3.1/../../../../arm-none-eabi/lib/thumb/v6-m/nofp/libc_nano.a(libc_a-reent.o)
                              /home/bmc/tools/stm32cubeide/plugins/com.st.stm32cube.ide.mcu.externaltools.gnu-tools-for-stm32.12.3.rel1.linux64_1.1.0.202410170702/tools/bin/../lib/gcc/arm-none-eabi/12.3.1/../../../../arm-none-eabi/lib/thumb/v6-m/nofp/libc_nano.a(libc_a-closer.o) (errno)
/home/bmc/tools/stm32cubeide/plugins/com.st.stm32cube.ide.mcu.externaltools.gnu-tools-for-stm32.12.3.rel1.linux64_1.1.0.202410170702/tools/bin/../lib/gcc/arm-none-eabi/12.3.1/../../../../arm-none-eabi/lib/thumb/v6-m/nofp/libc_nano.a(libc_a-impure.o)
                              /home/bmc/tools/stm32cubeide/plugins/com.st.stm32cube.ide.mcu.externaltools.gnu-tools-for-stm32.12.3.rel1.linux64_1.1.0.202410170702/tools/bin/../lib/gcc/arm-none-eabi/12.3.1/../../../../arm-none-eabi/lib/thumb/v6-m/nofp/libc_nano.a(libc_a-snprintf.o) (_impure_ptr)
[...]
Memory Configuration

Name             Origin             Length             Attributes
RAM              0x20000000         0x00004000         xrw
FLASH            0x08000000         0x00020000         xr
*default*        0x00000000         0xffffffff

Linker script and memory map

LOAD /home/bmc/tools/stm32cubeide/plugins/com.st.stm32cube.ide.mcu.externaltools.gnu-tools-for-stm32.12.3.rel1.linux64_1.1.0.202410170702/tools/bin/../lib/gcc/arm-none-eabi/12.3.1/thumb/v6-m/nofp/crti.o
LOAD /home/bmc/tools/stm32cubeide/plugins/com.st.stm32cube.ide.mcu.externaltools.gnu-tools-for-stm32.12.3.rel1.linux64_1.1.0.202410170702/tools/bin/../lib/gcc/arm-none-eabi/12.3.1/thumb/v6-m/nofp/crtbegin.o
LOAD /home/bmc/tools/stm32cubeide/plugins/com.st.stm32cube.ide.mcu.externaltools.gnu-tools-for-stm32.12.3.rel1.linux64_1.1.0.202410170702/tools/bin/../lib/gcc/arm-none-eabi/12.3.1/../../../../arm-none-eabi/lib/thumb/v6-m/nofp/crt0.o
LOAD ./Core/Src/main.o
LOAD ./Core/Src/ssd1306.o
LOAD ./Core/Src/ssd1306_fonts.o
LOAD ./Core/Src/ssd1306_tests.o
LOAD ./Core/Src/stm32f0xx_hal_msp.o
LOAD ./Core/Src/stm32f0xx_it.o
LOAD ./Core/Src/syscalls.o
LOAD ./Core/Src/sysmem.o
LOAD ./Core/Src/system_stm32f0xx.o
LOAD ./Core/Startup/startup_stm32f072rbtx.o
LOAD ./Drivers/STM32F0xx_HAL_Driver/Src/stm32f0xx_hal.o
LOAD ./Drivers/STM32F0xx_HAL_Driver/Src/stm32f0xx_hal_cortex.o
LOAD ./Drivers/STM32F0xx_HAL_Driver/Src/stm32f0xx_hal_dma.o
LOAD ./Drivers/STM32F0xx_HAL_Driver/Src/stm32f0xx_hal_exti.o
LOAD ./Drivers/STM32F0xx_HAL_Driver/Src/stm32f0xx_hal_flash.o
LOAD ./Drivers/STM32F0xx_HAL_Driver/Src/stm32f0xx_hal_flash_ex.o
LOAD ./Drivers/STM32F0xx_HAL_Driver/Src/stm32f0xx_hal_gpio.o
LOAD ./Drivers/STM32F0xx_HAL_Driver/Src/stm32f0xx_hal_i2c.o
LOAD ./Drivers/STM32F0xx_HAL_Driver/Src/stm32f0xx_hal_i2c_ex.o
LOAD ./Drivers/STM32F0xx_HAL_Driver/Src/stm32f0xx_hal_pcd.o
LOAD ./Drivers/STM32F0xx_HAL_Driver/Src/stm32f0xx_hal_pcd_ex.o
LOAD ./Drivers/STM32F0xx_HAL_Driver/Src/stm32f0xx_hal_pwr.o
LOAD ./Drivers/STM32F0xx_HAL_Driver/Src/stm32f0xx_hal_pwr_ex.o
LOAD ./Drivers/STM32F0xx_HAL_Driver/Src/stm32f0xx_hal_rcc.o
LOAD ./Drivers/STM32F0xx_HAL_Driver/Src/stm32f0xx_hal_rcc_ex.o
LOAD ./Drivers/STM32F0xx_HAL_Driver/Src/stm32f0xx_hal_spi.o
LOAD ./Drivers/STM32F0xx_HAL_Driver/Src/stm32f0xx_hal_spi_ex.o
LOAD ./Drivers/STM32F0xx_HAL_Driver/Src/stm32f0xx_hal_tsc.o
LOAD ./Drivers/STM32F0xx_HAL_Driver/Src/stm32f0xx_ll_usb.o
START GROUP
LOAD /home/bmc/tools/stm32cubeide/plugins/com.st.stm32cube.ide.mcu.externaltools.gnu-tools-for-stm32.12.3.rel1.linux64_1.1.0.202410170702/tools/bin/../lib/gcc/arm-none-eabi/12.3.1/../../../../arm-none-eabi/lib/thumb/v6-m/nofp/libc_nano.a
LOAD /home/bmc/tools/stm32cubeide/plugins/com.st.stm32cube.ide.mcu.externaltools.gnu-tools-for-stm32.12.3.rel1.linux64_1.1.0.202410170702/tools/bin/../lib/gcc/arm-none-eabi/12.3.1/../../../../arm-none-eabi/lib/thumb/v6-m/nofp/libm.a
END GROUP
START GROUP
LOAD /home/bmc/tools/stm32cubeide/plugins/com.st.stm32cube.ide.mcu.externaltools.gnu-tools-for-stm32.12.3.rel1.linux64_1.1.0.202410170702/tools/bin/../lib/gcc/arm-none-eabi/12.3.1/thumb/v6-m/nofp/libgcc.a
LOAD /home/bmc/tools/stm32cubeide/plugins/com.st.stm32cube.ide.mcu.externaltools.gnu-tools-for-stm32.12.3.rel1.linux64_1.1.0.202410170702/tools/bin/../lib/gcc/arm-none-eabi/12.3.1/../../../../arm-none-eabi/lib/thumb/v6-m/nofp/libc_nano.a
END GROUP
START GROUP
LOAD /home/bmc/tools/stm32cubeide/plugins/com.st.stm32cube.ide.mcu.externaltools.gnu-tools-for-stm32.12.3.rel1.linux64_1.1.0.202410170702/tools/bin/../lib/gcc/arm-none-eabi/12.3.1/thumb/v6-m/nofp/libgcc.a
LOAD /home/bmc/tools/stm32cubeide/plugins/com.st.stm32cube.ide.mcu.externaltools.gnu-tools-for-stm32.12.3.rel1.linux64_1.1.0.202410170702/tools/bin/../lib/gcc/arm-none-eabi/12.3.1/../../../../arm-none-eabi/lib/thumb/v6-m/nofp/libc_nano.a
LOAD /home/bmc/tools/stm32cubeide/plugins/com.st.stm32cube.ide.mcu.externaltools.gnu-tools-for-stm32.12.3.rel1.linux64_1.1.0.202410170702/tools/bin/../lib/gcc/arm-none-eabi/12.3.1/../../../../arm-none-eabi/lib/thumb/v6-m/nofp/libnosys.a
END GROUP
START GROUP
LOAD /home/bmc/tools/stm32cubeide/plugins/com.st.stm32cube.ide.mcu.externaltools.gnu-tools-for-stm32.12.3.rel1.linux64_1.1.0.202410170702/tools/bin/../lib/gcc/arm-none-eabi/12.3.1/thumb/v6-m/nofp/libgcc.a
LOAD /home/bmc/tools/stm32cubeide/plugins/com.st.stm32cube.ide.mcu.externaltools.gnu-tools-for-stm32.12.3.rel1.linux64_1.1.0.202410170702/tools/bin/../lib/gcc/arm-none-eabi/12.3.1/../../../../arm-none-eabi/lib/thumb/v6-m/nofp/libc_nano.a
LOAD /home/bmc/tools/stm32cubeide/plugins/com.st.stm32cube.ide.mcu.externaltools.gnu-tools-for-stm32.12.3.rel1.linux64_1.1.0.202410170702/tools/bin/../lib/gcc/arm-none-eabi/12.3.1/../../../../arm-none-eabi/lib/thumb/v6-m/nofp/libnosys.a
END GROUP
LOAD /home/bmc/tools/stm32cubeide/plugins/com.st.stm32cube.ide.mcu.externaltools.gnu-tools-for-stm32.12.3.rel1.linux64_1.1.0.202410170702/tools/bin/../lib/gcc/arm-none-eabi/12.3.1/thumb/v6-m/nofp/crtend.o
LOAD /home/bmc/tools/stm32cubeide/plugins/com.st.stm32cube.ide.mcu.externaltools.gnu-tools-for-stm32.12.3.rel1.linux64_1.1.0.202410170702/tools/bin/../lib/gcc/arm-none-eabi/12.3.1/thumb/v6-m/nofp/crtn.o
                0x20004000                        _estack = (ORIGIN (RAM) + LENGTH (RAM))
                0x00000200                        _Min_Heap_Size = 0x200
                0x00000400                        _Min_Stack_Size = 0x400

.isr_vector     0x08000000       0xc0
                0x08000000                        . = ALIGN (0x4)
 *(.isr_vector)
 .isr_vector    0x08000000       0xc0 ./Core/Startup/startup_stm32f072rbtx.o
                0x08000000                g_pfnVectors
                0x080000c0                        . = ALIGN (0x4)

.text           0x080000c0     0x2ea4
                0x080000c0                        . = ALIGN (0x4)
 *(.text)
 .text          0x080000c0       0x48 /home/bmc/tools/stm32cubeide/plugins/com.st.stm32cube.ide.mcu.externaltools.gnu-tools-for-stm32.12.3.rel1.linux64_1.1.0.202410170702/tools/bin/../lib/gcc/arm-none-eabi/12.3.1/thumb/v6-m/nofp/crtbegin.o
 .text          0x08000108      0x114 /home/bmc/tools/stm32cubeide/plugins/com.st.stm32cube.ide.mcu.externaltools.gnu-tools-for-stm32.12.3.rel1.linux64_1.1.0.202410170702/tools/bin/../lib/gcc/arm-none-eabi/12.3.1/thumb/v6-m/nofp/libgcc.a(_udivsi3.o)
                0x08000108                __udivsi3
                0x08000108                __aeabi_uidiv
                0x08000214                __aeabi_uidivmod
 .text          0x0800021c        0x4 /home/bmc/tools/stm32cubeide/plugins/com.st.stm32cube.ide.mcu.externaltools.gnu-tools-for-stm32.12.3.rel1.linux64_1.1.0.202410170702/tools/bin/../lib/gcc/arm-none-eabi/12.3.1/thumb/v6-m/nofp/libgcc.a(_dvmd_tls.o)
                0x0800021c                __aeabi_ldiv0
                0x0800021c                __aeabi_idiv0
 *(.text*)
 .text.main     0x08000220       0x84 ./Core/Src/main.o
                0x08000220                main
 .text.SystemClock_Config
                0x080002a4       0xd4 ./Core/Src/main.o
                0x080002a4                SystemClock_Config
 .text.MX_I2C1_Init
                0x08000378       0x80 ./Core/Src/main.o
 .text.MX_SPI2_Init
                0x080003f8       0x7c ./Core/Src/main.o
 .text.MX_TSC_Init
                0x08000474       0x88 ./Core/Src/main.o
 .text.MX_USB_PCD_Init
                0x080004fc       0x4c ./Core/Src/main.o
 .text.MX_GPIO_Init
                0x08000548      0x128 ./Core/Src/main.o
 .text.Error_Handler
                0x08000670        0xc ./Core/Src/main.o
                0x08000670                Error_Handler
 .text.ssd1306_Reset
                0x0800067c        0xa ./Core/Src/ssd1306.o
                0x0800067c                ssd1306_Reset
 *fill*         0x08000686        0x2 
 .text.ssd1306_WriteCommand
                0x08000688       0x34 ./Core/Src/ssd1306.o
                0x08000688                ssd1306_WriteCommand
 .text.ssd1306_WriteData
                0x080006bc       0x34 ./Core/Src/ssd1306.o
                0x080006bc                ssd1306_WriteData
 .text.ssd1306_Init
                0x080006f0       0xd8 ./Core/Src/ssd1306.o
                0x080006f0                ssd1306_Init
 .text.ssd1306_Fill
                0x080007c8       0x34 ./Core/Src/ssd1306.o
                0x080007c8                ssd1306_Fill
 .text.ssd1306_UpdateScreen
                0x080007fc       0x5c ./Core/Src/ssd1306.o
                0x080007fc                ssd1306_UpdateScreen
 .text.ssd1306_DrawPixel
                0x08000858       0xc4 ./Core/Src/ssd1306.o
                0x08000858                ssd1306_DrawPixel
 .text.ssd1306_DrawBitmap
                0x0800091c      0x11c ./Core/Src/ssd1306.o
                0x0800091c                ssd1306_DrawBitmap
 .text.ssd1306_SetContrast
                0x08000a38       0x30 ./Core/Src/ssd1306.o
                0x08000a38                ssd1306_SetContrast
 .text.ssd1306_SetDisplayOn
                0x08000a68       0x4c ./Core/Src/ssd1306.o
                0x08000a68                ssd1306_SetDisplayOn
 .text.HAL_MspInit
                0x08000ab4       0x48 ./Core/Src/stm32f0xx_hal_msp.o
                0x08000ab4                HAL_MspInit
 .text.HAL_I2C_MspInit
                0x08000afc       0x9c ./Core/Src/stm32f0xx_hal_msp.o
                0x08000afc                HAL_I2C_MspInit
 .text.HAL_SPI_MspInit
                0x08000b98       0x9c ./Core/Src/stm32f0xx_hal_msp.o
                0x08000b98                HAL_SPI_MspInit
 .text.HAL_TSC_MspInit
                0x08000c34      0x13c ./Core/Src/stm32f0xx_hal_msp.o
                0x08000c34                HAL_TSC_MspInit
 .text.HAL_PCD_MspInit
                0x08000d70       0x40 ./Core/Src/stm32f0xx_hal_msp.o
                0x08000d70                HAL_PCD_MspInit
 .text.NMI_Handler
                0x08000db0        0x8 ./Core/Src/stm32f0xx_it.o
                0x08000db0                NMI_Handler
 .text.HardFault_Handler
                0x08000db8        0x8 ./Core/Src/stm32f0xx_it.o
                0x08000db8                HardFault_Handler
 .text.SVC_Handler
                0x08000dc0        0xa ./Core/Src/stm32f0xx_it.o
                0x08000dc0                SVC_Handler
 .text.PendSV_Handler
                0x08000dca        0xa ./Core/Src/stm32f0xx_it.o
                0x08000dca                PendSV_Handler
 .text.SysTick_Handler
                0x08000dd4        0xe ./Core/Src/stm32f0xx_it.o
                0x08000dd4                SysTick_Handler
 .text.SystemInit
                0x08000de2        0xa ./Core/Src/system_stm32f0xx.o
                0x08000de2                SystemInit
 .text.Reset_Handler
                0x08000dec       0x50 ./Core/Startup/startup_stm32f072rbtx.o
                0x08000dec                Reset_Handler
 .text.Default_Handler
                0x08000e3c        0x2 ./Core/Startup/startup_stm32f072rbtx.o
                0x08000e3c                TIM1_CC_IRQHandler
                0x08000e3c                TSC_IRQHandler
                0x08000e3c                ADC1_COMP_IRQHandler
                0x08000e3c                I2C1_IRQHandler
                0x08000e3c                RCC_CRS_IRQHandler
                0x08000e3c                SPI1_IRQHandler
                0x08000e3c                TIM6_DAC_IRQHandler
                0x08000e3c                USART3_4_IRQHandler
                0x08000e3c                EXTI2_3_IRQHandler
                0x08000e3c                I2C2_IRQHandler
                0x08000e3c                TIM17_IRQHandler
                0x08000e3c                CEC_CAN_IRQHandler
                0x08000e3c                RTC_IRQHandler
                0x08000e3c                PVD_VDDIO2_IRQHandler
                0x08000e3c                DMA1_Channel4_5_6_7_IRQHandler
                0x08000e3c                TIM16_IRQHandler
                0x08000e3c                TIM3_IRQHandler
                0x08000e3c                EXTI4_15_IRQHandler
                0x08000e3c                DMA1_Channel1_IRQHandler
                0x08000e3c                Default_Handler
                0x08000e3c                TIM14_IRQHandler
                0x08000e3c                TIM7_IRQHandler
                0x08000e3c                TIM15_IRQHandler
                0x08000e3c                EXTI0_1_IRQHandler
                0x08000e3c                USB_IRQHandler
                0x08000e3c                SPI2_IRQHandler
                0x08000e3c                WWDG_IRQHandler
                0x08000e3c                TIM2_IRQHandler
                0x08000e3c                DMA1_Channel2_3_IRQHandler
                0x08000e3c                USART2_IRQHandler
                0x08000e3c                FLASH_IRQHandler
                0x08000e3c                USART1_IRQHandler
                0x08000e3c                TIM1_BRK_UP_TRG_COM_IRQHandler
 *fill*         0x08000e3e        0x2 
 .text.HAL_Init
                0x08000e40       0x28 ./Drivers/STM32F0xx_HAL_Driver/Src/stm32f0xx_hal.o
                0x08000e40                HAL_Init
 .text.HAL_InitTick
                0x08000e68       0x68 ./Drivers/STM32F0xx_HAL_Driver/Src/stm32f0xx_hal.o
                0x08000e68                HAL_InitTick
 .text.HAL_IncTick
                0x08000ed0       0x24 ./Drivers/STM32F0xx_HAL_Driver/Src/stm32f0xx_hal.o
                0x08000ed0                HAL_IncTick
 .text.HAL_GetTick
                0x08000ef4       0x14 ./Drivers/STM32F0xx_HAL_Driver/Src/stm32f0xx_hal.o
                0x08000ef4                HAL_GetTick
 .text.HAL_Delay
                0x08000f08       0x48 ./Drivers/STM32F0xx_HAL_Driver/Src/stm32f0xx_hal.o
                0x08000f08                HAL_Delay
 .text.__NVIC_SetPriority
                0x08000f50       0xdc ./Drivers/STM32F0xx_HAL_Driver/Src/stm32f0xx_hal_cortex.o
 .text.SysTick_Config
                0x0800102c       0x48 ./Drivers/STM32F0xx_HAL_Driver/Src/stm32f0xx_hal_cortex.o
 .text.HAL_NVIC_SetPriority
                0x08001074       0x2a ./Drivers/STM32F0xx_HAL_Driver/Src/stm32f0xx_hal_cortex.o
                0x08001074                HAL_NVIC_SetPriority
 .text.HAL_SYSTICK_Config
                0x0800109e       0x1a ./Drivers/STM32F0xx_HAL_Driver/Src/stm32f0xx_hal_cortex.o
                0x0800109e                HAL_SYSTICK_Config
 .text.HAL_GPIO_Init
                0x080010b8      0x2f0 ./Drivers/STM32F0xx_HAL_Driver/Src/stm32f0xx_hal_gpio.o
                0x080010b8                HAL_GPIO_Init
 .text.HAL_GPIO_WritePin
                0x080013a8       0x3a ./Drivers/STM32F0xx_HAL_Driver/Src/stm32f0xx_hal_gpio.o
                0x080013a8                HAL_GPIO_WritePin
 *fill*         0x080013e2        0x2 
 .text.HAL_I2C_Init
                0x080013e4      0x14c ./Drivers/STM32F0xx_HAL_Driver/Src/stm32f0xx_hal_i2c.o
                0x080013e4                HAL_I2C_Init
 .text.HAL_I2C_Mem_Write
                0x08001530      0x25c ./Drivers/STM32F0xx_HAL_Driver/Src/stm32f0xx_hal_i2c.o
                0x08001530                HAL_I2C_Mem_Write
 .text.I2C_RequestMemoryWrite
                0x0800178c       0xc8 ./Drivers/STM32F0xx_HAL_Driver/Src/stm32f0xx_hal_i2c.o
 .text.I2C_Flush_TXDR
                0x08001854       0x44 ./Drivers/STM32F0xx_HAL_Driver/Src/stm32f0xx_hal_i2c.o
 .text.I2C_WaitOnFlagUntilTimeout
                0x08001898       0xb0 ./Drivers/STM32F0xx_HAL_Driver/Src/stm32f0xx_hal_i2c.o
 .text.I2C_WaitOnTXISFlagUntilTimeout
                0x08001948       0x8c ./Drivers/STM32F0xx_HAL_Driver/Src/stm32f0xx_hal_i2c.o
 .text.I2C_WaitOnSTOPFlagUntilTimeout
                0x080019d4       0x86 ./Drivers/STM32F0xx_HAL_Driver/Src/stm32f0xx_hal_i2c.o
 *fill*         0x08001a5a        0x2 
 .text.I2C_IsErrorOccurred
                0x08001a5c      0x1f0 ./Drivers/STM32F0xx_HAL_Driver/Src/stm32f0xx_hal_i2c.o
 .text.I2C_TransferConfig
                0x08001c4c       0x74 ./Drivers/STM32F0xx_HAL_Driver/Src/stm32f0xx_hal_i2c.o
 .text.HAL_I2CEx_ConfigAnalogFilter
                0x08001cc0       0x98 ./Drivers/STM32F0xx_HAL_Driver/Src/stm32f0xx_hal_i2c_ex.o
                0x08001cc0                HAL_I2CEx_ConfigAnalogFilter
 .text.HAL_I2CEx_ConfigDigitalFilter
                0x08001d58       0x98 ./Drivers/STM32F0xx_HAL_Driver/Src/stm32f0xx_hal_i2c_ex.o
                0x08001d58                HAL_I2CEx_ConfigDigitalFilter
 .text.HAL_PCD_Init
                0x08001df0      0x1e8 ./Drivers/STM32F0xx_HAL_Driver/Src/stm32f0xx_hal_pcd.o
                0x08001df0                HAL_PCD_Init
 .text.HAL_PCDEx_ActivateLPM
                0x08001fd8       0x54 ./Drivers/STM32F0xx_HAL_Driver/Src/stm32f0xx_hal_pcd_ex.o
                0x08001fd8                HAL_PCDEx_ActivateLPM
 .text.HAL_RCC_OscConfig
                0x0800202c      0x70c ./Drivers/STM32F0xx_HAL_Driver/Src/stm32f0xx_hal_rcc.o
                0x0800202c                HAL_RCC_OscConfig
 .text.HAL_RCC_ClockConfig
                0x08002738      0x1b4 ./Drivers/STM32F0xx_HAL_Driver/Src/stm32f0xx_hal_rcc.o
                0x08002738                HAL_RCC_ClockConfig
 .text.HAL_RCC_GetSysClockFreq
                0x080028ec       0xe4 ./Drivers/STM32F0xx_HAL_Driver/Src/stm32f0xx_hal_rcc.o
                0x080028ec                HAL_RCC_GetSysClockFreq
 .text.HAL_RCCEx_PeriphCLKConfig
                0x080029d0      0x1fc ./Drivers/STM32F0xx_HAL_Driver/Src/stm32f0xx_hal_rcc_ex.o
                0x080029d0                HAL_RCCEx_PeriphCLKConfig
 .text.HAL_SPI_Init
                0x08002bcc      0x170 ./Drivers/STM32F0xx_HAL_Driver/Src/stm32f0xx_hal_spi.o
                0x08002bcc                HAL_SPI_Init
 .text.HAL_TSC_Init
                0x08002d3c      0x104 ./Drivers/STM32F0xx_HAL_Driver/Src/stm32f0xx_hal_tsc.o
                0x08002d3c                HAL_TSC_Init
 .text.TSC_extract_groups
                0x08002e40       0x46 ./Drivers/STM32F0xx_HAL_Driver/Src/stm32f0xx_hal_tsc.o
 *fill*         0x08002e86        0x2 
 .text.USB_DisableGlobalInt
                0x08002e88       0x34 ./Drivers/STM32F0xx_HAL_Driver/Src/stm32f0xx_ll_usb.o
                0x08002e88                USB_DisableGlobalInt
 .text.USB_DevInit
                0x08002ebc       0x38 ./Drivers/STM32F0xx_HAL_Driver/Src/stm32f0xx_ll_usb.o
                0x08002ebc                USB_DevInit
 .text.memset   0x08002ef4       0x10 /home/bmc/tools/stm32cubeide/plugins/com.st.stm32cube.ide.mcu.externaltools.gnu-tools-for-stm32.12.3.rel1.linux64_1.1.0.202410170702/tools/bin/../lib/gcc/arm-none-eabi/12.3.1/../../../../arm-none-eabi/lib/thumb/v6-m/nofp/libc_nano.a(libc_a-memset.o)
                0x08002ef4                memset
 .text.__libc_init_array
                0x08002f04       0x48 /home/bmc/tools/stm32cubeide/plugins/com.st.stm32cube.ide.mcu.externaltools.gnu-tools-for-stm32.12.3.rel1.linux64_1.1.0.202410170702/tools/bin/../lib/gcc/arm-none-eabi/12.3.1/../../../../arm-none-eabi/lib/thumb/v6-m/nofp/libc_nano.a(libc_a-init.o)
                0x08002f04                __libc_init_array
 *(.glue_7)
 .glue_7        0x08002f4c        0x0 linker stubs
 *(.glue_7t)
 .glue_7t       0x08002f4c        0x0 linker stubs
 *(.eh_frame)
 .eh_frame      0x08002f4c        0x0 /home/bmc/tools/stm32cubeide/plugins/com.st.stm32cube.ide.mcu.externaltools.gnu-tools-for-stm32.12.3.rel1.linux64_1.1.0.202410170702/tools/bin/../lib/gcc/arm-none-eabi/12.3.1/thumb/v6-m/nofp/crtbegin.o
 *(.init)
 .init          0x08002f4c        0x4 /home/bmc/tools/stm32cubeide/plugins/com.st.stm32cube.ide.mcu.externaltools.gnu-tools-for-stm32.12.3.rel1.linux64_1.1.0.202410170702/tools/bin/../lib/gcc/arm-none-eabi/12.3.1/thumb/v6-m/nofp/crti.o
                0x08002f4c                _init
 .init          0x08002f50        0x8 /home/bmc/tools/stm32cubeide/plugins/com.st.stm32cube.ide.mcu.externaltools.gnu-tools-for-stm32.12.3.rel1.linux64_1.1.0.202410170702/tools/bin/../lib/gcc/arm-none-eabi/12.3.1/thumb/v6-m/nofp/crtn.o
 *(.fini)
 .fini          0x08002f58        0x4 /home/bmc/tools/stm32cubeide/plugins/com.st.stm32cube.ide.mcu.externaltools.gnu-tools-for-stm32.12.3.rel1.linux64_1.1.0.202410170702/tools/bin/../lib/gcc/arm-none-eabi/12.3.1/thumb/v6-m/nofp/crti.o
                0x08002f58                _fini
 .fini          0x08002f5c        0x8 /home/bmc/tools/stm32cubeide/plugins/com.st.stm32cube.ide.mcu.externaltools.gnu-tools-for-stm32.12.3.rel1.linux64_1.1.0.202410170702/tools/bin/../lib/gcc/arm-none-eabi/12.3.1/thumb/v6-m/nofp/crtn.o
                0x08002f64                        . = ALIGN (0x4)
                0x08002f64                        _etext = .

.vfp11_veneer   0x08002f64        0x0
 .vfp11_veneer  0x08002f64        0x0 linker stubs

.v4_bx          0x08002f64        0x0
 .v4_bx         0x08002f64        0x0 linker stubs

.iplt           0x08002f64        0x0
 .iplt          0x08002f64        0x0 /home/bmc/tools/stm32cubeide/plugins/com.st.stm32cube.ide.mcu.externaltools.gnu-tools-for-stm32.12.3.rel1.linux64_1.1.0.202410170702/tools/bin/../lib/gcc/arm-none-eabi/12.3.1/thumb/v6-m/nofp/crtbegin.o

.rodata         0x08002f64      0x830
                0x08002f64                        . = ALIGN (0x4)
 *(.rodata)
 *(.rodata*)
 .rodata.image_data_demo_smiley
                0x08002f64      0x400 ./Core/Src/main.o
                0x08002f64                image_data_demo_smiley
 .rodata.image_data_demo_angry
                0x08003364      0x400 ./Core/Src/main.o
                0x08003364                image_data_demo_angry
 .rodata.AHBPrescTable
                0x08003764       0x10 ./Core/Src/system_stm32f0xx.o
                0x08003764                AHBPrescTable
 .rodata.aPLLMULFactorTable.1
                0x08003774       0x10 ./Drivers/STM32F0xx_HAL_Driver/Src/stm32f0xx_hal_rcc.o
 .rodata.aPredivFactorTable.0
                0x08003784       0x10 ./Drivers/STM32F0xx_HAL_Driver/Src/stm32f0xx_hal_rcc.o
                0x08003794                        . = ALIGN (0x4)

.ARM.extab      0x08003794        0x0
                0x08003794                        . = ALIGN (0x4)
 *(.ARM.extab* .gnu.linkonce.armextab.*)
                0x08003794                        . = ALIGN (0x4)

.ARM            0x08003794        0x0
                0x08003794                        . = ALIGN (0x4)
                0x08003794                        __exidx_start = .
 *(.ARM.exidx*)
                0x08003794                        __exidx_end = .
                0x08003794                        . = ALIGN (0x4)

.preinit_array  0x08003794        0x0
                0x08003794                        . = ALIGN (0x4)
                0x08003794                        PROVIDE (__preinit_array_start = .)
 *(.preinit_array*)
                0x08003794                        PROVIDE (__preinit_array_end = .)
                0x08003794                        . = ALIGN (0x4)

.init_array     0x08003794        0x4
                0x08003794                        . = ALIGN (0x4)
                0x08003794                        PROVIDE (__init_array_start = .)
 *(SORT_BY_NAME(.init_array.*))
 *(.init_array*)
 .init_array    0x08003794        0x4 /home/bmc/tools/stm32cubeide/plugins/com.st.stm32cube.ide.mcu.externaltools.gnu-tools-for-stm32.12.3.rel1.linux64_1.1.0.202410170702/tools/bin/../lib/gcc/arm-none-eabi/12.3.1/thumb/v6-m/nofp/crtbegin.o
                0x08003798                        PROVIDE (__init_array_end = .)
                0x08003798                        . = ALIGN (0x4)

.fini_array     0x08003798        0x4
                0x08003798                        . = ALIGN (0x4)
                [!provide]                        PROVIDE (__fini_array_start = .)
 *(SORT_BY_NAME(.fini_array.*))
 *(.fini_array*)
 .fini_array    0x08003798        0x4 /home/bmc/tools/stm32cubeide/plugins/com.st.stm32cube.ide.mcu.externaltools.gnu-tools-for-stm32.12.3.rel1.linux64_1.1.0.202410170702/tools/bin/../lib/gcc/arm-none-eabi/12.3.1/thumb/v6-m/nofp/crtbegin.o
                [!provide]                        PROVIDE (__fini_array_end = .)
                0x0800379c                        . = ALIGN (0x4)
                0x0800379c                        _sidata = LOADADDR (.data)

.rel.dyn        0x0800379c        0x0
 .rel.iplt      0x0800379c        0x0 /home/bmc/tools/stm32cubeide/plugins/com.st.stm32cube.ide.mcu.externaltools.gnu-tools-for-stm32.12.3.rel1.linux64_1.1.0.202410170702/tools/bin/../lib/gcc/arm-none-eabi/12.3.1/thumb/v6-m/nofp/crtbegin.o

.data           0x20000000        0xc load address 0x0800379c
                0x20000000                        . = ALIGN (0x4)
                0x20000000                        _sdata = .
 *(.data)
 *(.data*)
 .data.SystemCoreClock
                0x20000000        0x4 ./Core/Src/system_stm32f0xx.o
                0x20000000                SystemCoreClock
 .data.uwTickPrio
                0x20000004        0x4 ./Drivers/STM32F0xx_HAL_Driver/Src/stm32f0xx_hal.o
                0x20000004                uwTickPrio
 .data.uwTickFreq
                0x20000008        0x1 ./Drivers/STM32F0xx_HAL_Driver/Src/stm32f0xx_hal.o
                0x20000008                uwTickFreq
 *(.RamFunc)
 *(.RamFunc*)
                0x2000000c                        . = ALIGN (0x4)
 *fill*         0x20000009        0x3 
                0x2000000c                        _edata = .

.igot.plt       0x2000000c        0x0 load address 0x080037a8
 .igot.plt      0x2000000c        0x0 /home/bmc/tools/stm32cubeide/plugins/com.st.stm32cube.ide.mcu.externaltools.gnu-tools-for-stm32.12.3.rel1.linux64_1.1.0.202410170702/tools/bin/../lib/gcc/arm-none-eabi/12.3.1/thumb/v6-m/nofp/crtbegin.o
                0x2000000c                        . = ALIGN (0x4)

.bss            0x2000000c      0x800 load address 0x080037a8
                0x2000000c                        _sbss = .
                0x2000000c                        __bss_start__ = _sbss
 *(.bss)
 .bss           0x2000000c       0x1c /home/bmc/tools/stm32cubeide/plugins/com.st.stm32cube.ide.mcu.externaltools.gnu-tools-for-stm32.12.3.rel1.linux64_1.1.0.202410170702/tools/bin/../lib/gcc/arm-none-eabi/12.3.1/thumb/v6-m/nofp/crtbegin.o
 *(.bss*)
 .bss.hi2c1     0x20000028       0x54 ./Core/Src/main.o
                0x20000028                hi2c1
 .bss.hspi2     0x2000007c       0x64 ./Core/Src/main.o
                0x2000007c                hspi2
 .bss.htsc      0x200000e0       0x44 ./Core/Src/main.o
                0x200000e0                htsc
 .bss.hpcd_USB_FS
                0x20000124      0x2dc ./Core/Src/main.o
                0x20000124                hpcd_USB_FS
 .bss.SSD1306_Buffer
                0x20000400      0x400 ./Core/Src/ssd1306.o
 .bss.SSD1306   0x20000800        0x6 ./Core/Src/ssd1306.o
 *fill*         0x20000806        0x2 
 .bss.uwTick    0x20000808        0x4 ./Drivers/STM32F0xx_HAL_Driver/Src/stm32f0xx_hal.o
                0x20000808                uwTick
 *(COMMON)
                0x2000080c                        . = ALIGN (0x4)
                0x2000080c                        _ebss = .
                0x2000080c                        __bss_end__ = _ebss

._user_heap_stack
                0x2000080c      0x604 load address 0x080037a8
                0x20000810                        . = ALIGN (0x8)
 *fill*         0x2000080c        0x4 
                [!provide]                        PROVIDE (end = .)
                0x20000810                        PROVIDE (_end = .)
                0x20000a10                        . = (. + _Min_Heap_Size)
 *fill*         0x20000810      0x200 
                0x20000e10                        . = (. + _Min_Stack_Size)
 *fill*         0x20000a10      0x400 
                0x20000e10                        . = ALIGN (0x8)

/DISCARD/
 libc.a(*)
 libm.a(*)
 libgcc.a(*)

.ARM.attributes
                0x00000000       0x28
 *(.ARM.attributes)
 .ARM.attributes
                0x00000000       0x1e /home/bmc/tools/stm32cubeide/plugins/com.st.stm32cube.ide.mcu.externaltools.gnu-tools-for-stm32.12.3.rel1.linux64_1.1.0.202410170702/tools/bin/../lib/gcc/arm-none-eabi/12.3.1/thumb/v6-m/nofp/crti.o
 .ARM.attributes
                0x0000001e       0x2c /home/bmc/tools/stm32cubeide/plugins/com.st.stm32cube.ide.mcu.externaltools.gnu-tools-for-stm32.12.3.rel1.linux64_1.1.0.202410170702/tools/bin/../lib/gcc/arm-none-eabi/12.3.1/thumb/v6-m/nofp/crtbegin.o
 .ARM.attributes
                0x0000004a       0x2c ./Core/Src/main.o
 .ARM.attributes
                0x00000076       0x2c ./Core/Src/ssd1306.o
 .ARM.attributes
                0x000000a2       0x2c ./Core/Src/stm32f0xx_hal_msp.o
 .ARM.attributes
                0x000000ce       0x2c ./Core/Src/stm32f0xx_it.o
 .ARM.attributes
                0x000000fa       0x2c ./Core/Src/system_stm32f0xx.o
 .ARM.attributes
                0x00000126       0x21 ./Core/Startup/startup_stm32f072rbtx.o
 .ARM.attributes
                0x00000147       0x2c ./Drivers/STM32F0xx_HAL_Driver/Src/stm32f0xx_hal.o
 .ARM.attributes
                0x00000173       0x2c ./Drivers/STM32F0xx_HAL_Driver/Src/stm32f0xx_hal_cortex.o
 .ARM.attributes
                0x0000019f       0x2c ./Drivers/STM32F0xx_HAL_Driver/Src/stm32f0xx_hal_gpio.o
 .ARM.attributes
                0x000001cb       0x2c ./Drivers/STM32F0xx_HAL_Driver/Src/stm32f0xx_hal_i2c.o
 .ARM.attributes
                0x000001f7       0x2c ./Drivers/STM32F0xx_HAL_Driver/Src/stm32f0xx_hal_i2c_ex.o
 .ARM.attributes
                0x00000223       0x2c ./Drivers/STM32F0xx_HAL_Driver/Src/stm32f0xx_hal_pcd.o
 .ARM.attributes
                0x0000024f       0x2c ./Drivers/STM32F0xx_HAL_Driver/Src/stm32f0xx_hal_pcd_ex.o
 .ARM.attributes
                0x0000027b       0x2c ./Drivers/STM32F0xx_HAL_Driver/Src/stm32f0xx_hal_rcc.o
 .ARM.attributes
                0x000002a7       0x2c ./Drivers/STM32F0xx_HAL_Driver/Src/stm32f0xx_hal_rcc_ex.o
 .ARM.attributes
                0x000002d3       0x2c ./Drivers/STM32F0xx_HAL_Driver/Src/stm32f0xx_hal_spi.o
 .ARM.attributes
                0x000002ff       0x2c ./Drivers/STM32F0xx_HAL_Driver/Src/stm32f0xx_hal_tsc.o
 .ARM.attributes
                0x0000032b       0x2c ./Drivers/STM32F0xx_HAL_Driver/Src/stm32f0xx_ll_usb.o
 .ARM.attributes
                0x00000357       0x2c /home/bmc/tools/stm32cubeide/plugins/com.st.stm32cube.ide.mcu.externaltools.gnu-tools-for-stm32.12.3.rel1.linux64_1.1.0.202410170702/tools/bin/../lib/gcc/arm-none-eabi/12.3.1/../../../../arm-none-eabi/lib/thumb/v6-m/nofp/libc_nano.a(libc_a-memset.o)
 .ARM.attributes
                0x00000383       0x2c /home/bmc/tools/stm32cubeide/plugins/com.st.stm32cube.ide.mcu.externaltools.gnu-tools-for-stm32.12.3.rel1.linux64_1.1.0.202410170702/tools/bin/../lib/gcc/arm-none-eabi/12.3.1/../../../../arm-none-eabi/lib/thumb/v6-m/nofp/libc_nano.a(libc_a-init.o)
 .ARM.attributes
                0x000003af       0x1e /home/bmc/tools/stm32cubeide/plugins/com.st.stm32cube.ide.mcu.externaltools.gnu-tools-for-stm32.12.3.rel1.linux64_1.1.0.202410170702/tools/bin/../lib/gcc/arm-none-eabi/12.3.1/thumb/v6-m/nofp/libgcc.a(_udivsi3.o)
 .ARM.attributes
                0x000003cd       0x1e /home/bmc/tools/stm32cubeide/plugins/com.st.stm32cube.ide.mcu.externaltools.gnu-tools-for-stm32.12.3.rel1.linux64_1.1.0.202410170702/tools/bin/../lib/gcc/arm-none-eabi/12.3.1/thumb/v6-m/nofp/libgcc.a(_dvmd_tls.o)
 .ARM.attributes
                0x000003eb       0x1e /home/bmc/tools/stm32cubeide/plugins/com.st.stm32cube.ide.mcu.externaltools.gnu-tools-for-stm32.12.3.rel1.linux64_1.1.0.202410170702/tools/bin/../lib/gcc/arm-none-eabi/12.3.1/thumb/v6-m/nofp/crtn.o
OUTPUT(vg2.elf elf32-littlearm)
LOAD linker stubs
LOAD /home/bmc/tools/stm32cubeide/plugins/com.st.stm32cube.ide.mcu.externaltools.gnu-tools-for-stm32.12.3.rel1.linux64_1.1.0.202410170702/tools/bin/../lib/gcc/arm-none-eabi/12.3.1/../../../../arm-none-eabi/lib/thumb/v6-m/nofp/libc.a
LOAD /home/bmc/tools/stm32cubeide/plugins/com.st.stm32cube.ide.mcu.externaltools.gnu-tools-for-stm32.12.3.rel1.linux64_1.1.0.202410170702/tools/bin/../lib/gcc/arm-none-eabi/12.3.1/../../../../arm-none-eabi/lib/thumb/v6-m/nofp/libm.a
LOAD /home/bmc/tools/stm32cubeide/plugins/com.st.stm32cube.ide.mcu.externaltools.gnu-tools-for-stm32.12.3.rel1.linux64_1.1.0.202410170702/tools/bin/../lib/gcc/arm-none-eabi/12.3.1/thumb/v6-m/nofp/libgcc.a

.debug_info     0x00000000     0xdc4c
 .debug_info    0x00000000     0x16e2 ./Core/Src/main.o
 .debug_info    0x000016e2     0x125c ./Core/Src/ssd1306.o
 .debug_info    0x0000293e     0x137c ./Core/Src/stm32f0xx_hal_msp.o
 .debug_info    0x00003cba       0xd3 ./Core/Src/stm32f0xx_it.o
 .debug_info    0x00003d8d      0x242 ./Core/Src/system_stm32f0xx.o
 .debug_info    0x00003fcf       0x30 ./Core/Startup/startup_stm32f072rbtx.o
 .debug_info    0x00003fff      0x6c9 ./Drivers/STM32F0xx_HAL_Driver/Src/stm32f0xx_hal.o
 .debug_info    0x000046c8      0x6c5 ./Drivers/STM32F0xx_HAL_Driver/Src/stm32f0xx_hal_cortex.o
 .debug_info    0x00004d8d      0x5a6 ./Drivers/STM32F0xx_HAL_Driver/Src/stm32f0xx_hal_gpio.o
 .debug_info    0x00005333     0x20c5 ./Drivers/STM32F0xx_HAL_Driver/Src/stm32f0xx_hal_i2c.o
 .debug_info    0x000073f8      0x824 ./Drivers/STM32F0xx_HAL_Driver/Src/stm32f0xx_hal_i2c_ex.o
 .debug_info    0x00007c1c     0x161d ./Drivers/STM32F0xx_HAL_Driver/Src/stm32f0xx_hal_pcd.o
 .debug_info    0x00009239      0x80a ./Drivers/STM32F0xx_HAL_Driver/Src/stm32f0xx_hal_pcd_ex.o
 .debug_info    0x00009a43      0x83f ./Drivers/STM32F0xx_HAL_Driver/Src/stm32f0xx_hal_rcc.o
 .debug_info    0x0000a282      0x61c ./Drivers/STM32F0xx_HAL_Driver/Src/stm32f0xx_hal_rcc_ex.o
 .debug_info    0x0000a89e     0x1618 ./Drivers/STM32F0xx_HAL_Driver/Src/stm32f0xx_hal_spi.o
 .debug_info    0x0000beb6      0x729 ./Drivers/STM32F0xx_HAL_Driver/Src/stm32f0xx_hal_tsc.o
 .debug_info    0x0000c5df     0x166d ./Drivers/STM32F0xx_HAL_Driver/Src/stm32f0xx_ll_usb.o

.debug_abbrev   0x00000000     0x2452
 .debug_abbrev  0x00000000      0x2dc ./Core/Src/main.o
 .debug_abbrev  0x000002dc      0x363 ./Core/Src/ssd1306.o
 .debug_abbrev  0x0000063f      0x22b ./Core/Src/stm32f0xx_hal_msp.o
 .debug_abbrev  0x0000086a       0x73 ./Core/Src/stm32f0xx_it.o
 .debug_abbrev  0x000008dd      0x11c ./Core/Src/system_stm32f0xx.o
 .debug_abbrev  0x000009f9       0x24 ./Core/Startup/startup_stm32f072rbtx.o
 .debug_abbrev  0x00000a1d      0x213 ./Drivers/STM32F0xx_HAL_Driver/Src/stm32f0xx_hal.o
 .debug_abbrev  0x00000c30      0x28c ./Drivers/STM32F0xx_HAL_Driver/Src/stm32f0xx_hal_cortex.o
 .debug_abbrev  0x00000ebc      0x1cb ./Drivers/STM32F0xx_HAL_Driver/Src/stm32f0xx_hal_gpio.o
 .debug_abbrev  0x00001087      0x261 ./Drivers/STM32F0xx_HAL_Driver/Src/stm32f0xx_hal_i2c.o
 .debug_abbrev  0x000012e8      0x1c3 ./Drivers/STM32F0xx_HAL_Driver/Src/stm32f0xx_hal_i2c_ex.o
 .debug_abbrev  0x000014ab      0x2b9 ./Drivers/STM32F0xx_HAL_Driver/Src/stm32f0xx_hal_pcd.o
 .debug_abbrev  0x00001764      0x228 ./Drivers/STM32F0xx_HAL_Driver/Src/stm32f0xx_hal_pcd_ex.o
 .debug_abbrev  0x0000198c      0x28c ./Drivers/STM32F0xx_HAL_Driver/Src/stm32f0xx_hal_rcc.o
 .debug_abbrev  0x00001c18      0x1a6 ./Drivers/STM32F0xx_HAL_Driver/Src/stm32f0xx_hal_rcc_ex.o
 .debug_abbrev  0x00001dbe      0x269 ./Drivers/STM32F0xx_HAL_Driver/Src/stm32f0xx_hal_spi.o
 .debug_abbrev  0x00002027      0x1e4 ./Drivers/STM32F0xx_HAL_Driver/Src/stm32f0xx_hal_tsc.o
 .debug_abbrev  0x0000220b      0x247 ./Drivers/STM32F0xx_HAL_Driver/Src/stm32f0xx_ll_usb.o

.debug_aranges  0x00000000      0xcd0
 .debug_aranges
                0x00000000       0x58 ./Core/Src/main.o
 .debug_aranges
                0x00000058       0xe8 ./Core/Src/ssd1306.o
 .debug_aranges
                0x00000140       0x60 ./Core/Src/stm32f0xx_hal_msp.o
 .debug_aranges
                0x000001a0       0x40 ./Core/Src/stm32f0xx_it.o
 .debug_aranges
                0x000001e0       0x28 ./Core/Src/system_stm32f0xx.o
 .debug_aranges
                0x00000208       0x28 ./Core/Startup/startup_stm32f072rbtx.o
 .debug_aranges
                0x00000230       0xd0 ./Drivers/STM32F0xx_HAL_Driver/Src/stm32f0xx_hal.o
 .debug_aranges
                0x00000300       0xc0 ./Drivers/STM32F0xx_HAL_Driver/Src/stm32f0xx_hal_cortex.o
 .debug_aranges
                0x000003c0       0x58 ./Drivers/STM32F0xx_HAL_Driver/Src/stm32f0xx_hal_gpio.o
 .debug_aranges
                0x00000418      0x2a0 ./Drivers/STM32F0xx_HAL_Driver/Src/stm32f0xx_hal_i2c.o
 .debug_aranges
                0x000006b8       0x48 ./Drivers/STM32F0xx_HAL_Driver/Src/stm32f0xx_hal_i2c_ex.o
 .debug_aranges
                0x00000700      0x138 ./Drivers/STM32F0xx_HAL_Driver/Src/stm32f0xx_hal_pcd.o
 .debug_aranges
                0x00000838       0x58 ./Drivers/STM32F0xx_HAL_Driver/Src/stm32f0xx_hal_pcd_ex.o
 .debug_aranges
                0x00000890       0x80 ./Drivers/STM32F0xx_HAL_Driver/Src/stm32f0xx_hal_rcc.o
 .debug_aranges
                0x00000910       0x78 ./Drivers/STM32F0xx_HAL_Driver/Src/stm32f0xx_hal_rcc_ex.o
 .debug_aranges
                0x00000988      0x1d8 ./Drivers/STM32F0xx_HAL_Driver/Src/stm32f0xx_hal_spi.o
 .debug_aranges
                0x00000b60       0xa8 ./Drivers/STM32F0xx_HAL_Driver/Src/stm32f0xx_hal_tsc.o
 .debug_aranges
                0x00000c08       0xc8 ./Drivers/STM32F0xx_HAL_Driver/Src/stm32f0xx_ll_usb.o

.debug_rnglists
                0x00000000      0x9d5
 .debug_rnglists
                0x00000000       0x42 ./Core/Src/main.o
 .debug_rnglists
                0x00000042       0xb6 ./Core/Src/ssd1306.o
 .debug_rnglists
                0x000000f8       0x46 ./Core/Src/stm32f0xx_hal_msp.o
 .debug_rnglists
                0x0000013e       0x2b ./Core/Src/stm32f0xx_it.o
 .debug_rnglists
                0x00000169       0x1a ./Core/Src/system_stm32f0xx.o
 .debug_rnglists
                0x00000183       0x19 ./Core/Startup/startup_stm32f072rbtx.o
 .debug_rnglists
                0x0000019c       0x97 ./Drivers/STM32F0xx_HAL_Driver/Src/stm32f0xx_hal.o
 .debug_rnglists
                0x00000233       0x8c ./Drivers/STM32F0xx_HAL_Driver/Src/stm32f0xx_hal_cortex.o
 .debug_rnglists
                0x000002bf       0x3f ./Drivers/STM32F0xx_HAL_Driver/Src/stm32f0xx_hal_gpio.o
 .debug_rnglists
                0x000002fe      0x229 ./Drivers/STM32F0xx_HAL_Driver/Src/stm32f0xx_hal_i2c.o
 .debug_rnglists
                0x00000527       0x35 ./Drivers/STM32F0xx_HAL_Driver/Src/stm32f0xx_hal_i2c_ex.o
 .debug_rnglists
                0x0000055c       0xee ./Drivers/STM32F0xx_HAL_Driver/Src/stm32f0xx_hal_pcd.o
 .debug_rnglists
                0x0000064a       0x3f ./Drivers/STM32F0xx_HAL_Driver/Src/stm32f0xx_hal_pcd_ex.o
 .debug_rnglists
                0x00000689       0x61 ./Drivers/STM32F0xx_HAL_Driver/Src/stm32f0xx_hal_rcc.o
 .debug_rnglists
                0x000006ea       0x5b ./Drivers/STM32F0xx_HAL_Driver/Src/stm32f0xx_hal_rcc_ex.o
 .debug_rnglists
                0x00000745      0x17a ./Drivers/STM32F0xx_HAL_Driver/Src/stm32f0xx_hal_spi.o
 .debug_rnglists
                0x000008bf       0x7d ./Drivers/STM32F0xx_HAL_Driver/Src/stm32f0xx_hal_tsc.o
 .debug_rnglists
                0x0000093c       0x99 ./Drivers/STM32F0xx_HAL_Driver/Src/stm32f0xx_ll_usb.o

.debug_macro    0x00000000    0x1a1c7
 .debug_macro   0x00000000      0x242 ./Core/Src/main.o
 .debug_macro   0x00000242      0xa8a ./Core/Src/main.o
 .debug_macro   0x00000ccc      0x139 ./Core/Src/main.o
 .debug_macro   0x00000e05       0x2e ./Core/Src/main.o
 .debug_macro   0x00000e33       0x22 ./Core/Src/main.o
 .debug_macro   0x00000e55       0x22 ./Core/Src/main.o
 .debug_macro   0x00000e77       0x8e ./Core/Src/main.o
 .debug_macro   0x00000f05       0x51 ./Core/Src/main.o
 .debug_macro   0x00000f56      0x103 ./Core/Src/main.o
 .debug_macro   0x00001059       0x6a ./Core/Src/main.o
 .debug_macro   0x000010c3      0x1df ./Core/Src/main.o
 .debug_macro   0x000012a2       0x1c ./Core/Src/main.o
 .debug_macro   0x000012be       0x22 ./Core/Src/main.o
 .debug_macro   0x000012e0       0xaf ./Core/Src/main.o
 .debug_macro   0x0000138f      0x391 ./Core/Src/main.o
 .debug_macro   0x00001720     0xfe73 ./Core/Src/main.o
 .debug_macro   0x00011593       0x66 ./Core/Src/main.o
 .debug_macro   0x000115f9     0x34da ./Core/Src/main.o
 .debug_macro   0x00014ad3      0x189 ./Core/Src/main.o
 .debug_macro   0x00014c5c       0x55 ./Core/Src/main.o
 .debug_macro   0x00014cb1      0x946 ./Core/Src/main.o
 .debug_macro   0x000155f7      0x5f3 ./Core/Src/main.o
 .debug_macro   0x00015bea      0x1ae ./Core/Src/main.o
 .debug_macro   0x00015d98      0x1a7 ./Core/Src/main.o
 .debug_macro   0x00015f3f      0x1a7 ./Core/Src/main.o
 .debug_macro   0x000160e6      0x22c ./Core/Src/main.o
 .debug_macro   0x00016312       0x34 ./Core/Src/main.o
 .debug_macro   0x00016346       0x43 ./Core/Src/main.o
 .debug_macro   0x00016389       0x28 ./Core/Src/main.o
 .debug_macro   0x000163b1       0xb0 ./Core/Src/main.o
 .debug_macro   0x00016461      0x217 ./Core/Src/main.o
 .debug_macro   0x00016678      0x22c ./Core/Src/main.o
 .debug_macro   0x000168a4       0x61 ./Core/Src/main.o
 .debug_macro   0x00016905       0xa5 ./Core/Src/main.o
 .debug_macro   0x000169aa       0x73 ./Core/Src/main.o
 .debug_macro   0x00016a1d      0x22d ./Core/Src/main.o
 .debug_macro   0x00016c4a       0x4c ./Core/Src/main.o
 .debug_macro   0x00016c96      0x16d ./Core/Src/main.o
 .debug_macro   0x00016e03      0x2fe ./Core/Src/main.o
 .debug_macro   0x00017101      0x3d7 ./Core/Src/main.o
 .debug_macro   0x000174d8      0x130 ./Core/Src/main.o
 .debug_macro   0x00017608       0xdc ./Core/Src/main.o
 .debug_macro   0x000176e4       0x61 ./Core/Src/main.o
 .debug_macro   0x00017745       0x24 ./Core/Src/main.o
 .debug_macro   0x00017769       0x43 ./Core/Src/main.o
 .debug_macro   0x000177ac       0x34 ./Core/Src/main.o
 .debug_macro   0x000177e0       0x46 ./Core/Src/main.o
 .debug_macro   0x00017826       0x4c ./Core/Src/main.o
 .debug_macro   0x00017872      0x308 ./Core/Src/ssd1306.o
 .debug_macro   0x00017b7a       0x28 ./Core/Src/ssd1306.o
 .debug_macro   0x00017ba2       0x16 ./Core/Src/ssd1306.o
 .debug_macro   0x00017bb8       0x43 ./Core/Src/ssd1306.o
 .debug_macro   0x00017bfb       0x34 ./Core/Src/ssd1306.o
 .debug_macro   0x00017c2f       0x10 ./Core/Src/ssd1306.o
 .debug_macro   0x00017c3f       0x58 ./Core/Src/ssd1306.o
 .debug_macro   0x00017c97       0x8e ./Core/Src/ssd1306.o
 .debug_macro   0x00017d25       0x1c ./Core/Src/ssd1306.o
 .debug_macro   0x00017d41      0x177 ./Core/Src/ssd1306.o
 .debug_macro   0x00017eb8      0x369 ./Core/Src/ssd1306.o
 .debug_macro   0x00018221      0x19b ./Core/Src/ssd1306.o
 .debug_macro   0x000183bc       0x16 ./Core/Src/ssd1306.o
 .debug_macro   0x000183d2       0x35 ./Core/Src/ssd1306.o
 .debug_macro   0x00018407       0x16 ./Core/Src/ssd1306.o
 .debug_macro   0x0001841d       0x29 ./Core/Src/ssd1306.o
 .debug_macro   0x00018446       0x16 ./Core/Src/ssd1306.o
 .debug_macro   0x0001845c       0x20 ./Core/Src/ssd1306.o
 .debug_macro   0x0001847c      0x1ec ./Core/Src/stm32f0xx_hal_msp.o
 .debug_macro   0x00018668      0x1f6 ./Core/Src/stm32f0xx_it.o
 .debug_macro   0x0001885e      0x1dd ./Core/Src/system_stm32f0xx.o
 .debug_macro   0x00018a3b      0x201 ./Drivers/STM32F0xx_HAL_Driver/Src/stm32f0xx_hal.o
 .debug_macro   0x00018c3c      0x1dd ./Drivers/STM32F0xx_HAL_Driver/Src/stm32f0xx_hal_cortex.o
 .debug_macro   0x00018e19      0x1e4 ./Drivers/STM32F0xx_HAL_Driver/Src/stm32f0xx_hal_gpio.o
 .debug_macro   0x00018ffd      0x2a9 ./Drivers/STM32F0xx_HAL_Driver/Src/stm32f0xx_hal_i2c.o
 .debug_macro   0x000192a6      0x1dd ./Drivers/STM32F0xx_HAL_Driver/Src/stm32f0xx_hal_i2c_ex.o
 .debug_macro   0x00019483      0x1e9 ./Drivers/STM32F0xx_HAL_Driver/Src/stm32f0xx_hal_pcd.o
 .debug_macro   0x0001966c      0x1dd ./Drivers/STM32F0xx_HAL_Driver/Src/stm32f0xx_hal_pcd_ex.o
 .debug_macro   0x00019849      0x1ef ./Drivers/STM32F0xx_HAL_Driver/Src/stm32f0xx_hal_rcc.o
 .debug_macro   0x00019a38      0x1ef ./Drivers/STM32F0xx_HAL_Driver/Src/stm32f0xx_hal_rcc_ex.o
 .debug_macro   0x00019c27      0x1e5 ./Drivers/STM32F0xx_HAL_Driver/Src/stm32f0xx_hal_spi.o
 .debug_macro   0x00019e0c      0x1de ./Drivers/STM32F0xx_HAL_Driver/Src/stm32f0xx_hal_tsc.o
 .debug_macro   0x00019fea      0x1dd ./Drivers/STM32F0xx_HAL_Driver/Src/stm32f0xx_ll_usb.o

.debug_line     0x00000000    0x10305
 .debug_line    0x00000000      0x9ff ./Core/Src/main.o
 .debug_line    0x000009ff     0x1110 ./Core/Src/ssd1306.o
 .debug_line    0x00001b0f      0x82c ./Core/Src/stm32f0xx_hal_msp.o
 .debug_line    0x0000233b      0x73b ./Core/Src/stm32f0xx_it.o
 .debug_line    0x00002a76      0x75e ./Core/Src/system_stm32f0xx.o
 .debug_line    0x000031d4       0x7b ./Core/Startup/startup_stm32f072rbtx.o
 .debug_line    0x0000324f      0x951 ./Drivers/STM32F0xx_HAL_Driver/Src/stm32f0xx_hal.o
 .debug_line    0x00003ba0      0x9fd ./Drivers/STM32F0xx_HAL_Driver/Src/stm32f0xx_hal_cortex.o
 .debug_line    0x0000459d      0xaff ./Drivers/STM32F0xx_HAL_Driver/Src/stm32f0xx_hal_gpio.o
 .debug_line    0x0000509c     0x3a0b ./Drivers/STM32F0xx_HAL_Driver/Src/stm32f0xx_hal_i2c.o
 .debug_line    0x00008aa7      0x8f4 ./Drivers/STM32F0xx_HAL_Driver/Src/stm32f0xx_hal_i2c_ex.o
 .debug_line    0x0000939b     0x133c ./Drivers/STM32F0xx_HAL_Driver/Src/stm32f0xx_hal_pcd.o
 .debug_line    0x0000a6d7      0x870 ./Drivers/STM32F0xx_HAL_Driver/Src/stm32f0xx_hal_pcd_ex.o
 .debug_line    0x0000af47      0xdde ./Drivers/STM32F0xx_HAL_Driver/Src/stm32f0xx_hal_rcc.o
 .debug_line    0x0000bd25      0xbf9 ./Drivers/STM32F0xx_HAL_Driver/Src/stm32f0xx_hal_rcc_ex.o
 .debug_line    0x0000c91e     0x1ed2 ./Drivers/STM32F0xx_HAL_Driver/Src/stm32f0xx_hal_spi.o
 .debug_line    0x0000e7f0      0xb6b ./Drivers/STM32F0xx_HAL_Driver/Src/stm32f0xx_hal_tsc.o
 .debug_line    0x0000f35b      0xfaa ./Drivers/STM32F0xx_HAL_Driver/Src/stm32f0xx_ll_usb.o

.debug_str      0x00000000    0x959ba
 .debug_str     0x00000000    0x8f211 ./Core/Src/main.o
                              0x8f5bf (size before relaxing)
 .debug_str     0x0008f211     0x3ad6 ./Core/Src/ssd1306.o
                              0x9224c (size before relaxing)
 .debug_str     0x00092ce7       0xd3 ./Core/Src/stm32f0xx_hal_msp.o
                              0x8ed14 (size before relaxing)
 .debug_str     0x00092dba       0x82 ./Core/Src/stm32f0xx_it.o
                              0x8e03a (size before relaxing)
 .debug_str     0x00092e3c       0x8b ./Core/Src/system_stm32f0xx.o
                              0x8dd65 (size before relaxing)
 .debug_str     0x00092ec7       0x44 ./Core/Startup/startup_stm32f072rbtx.o
                                 0x6b (size before relaxing)
 .debug_str     0x00092f0b      0x4e0 ./Drivers/STM32F0xx_HAL_Driver/Src/stm32f0xx_hal.o
                              0x8e35b (size before relaxing)
 .debug_str     0x000933eb      0x196 ./Drivers/STM32F0xx_HAL_Driver/Src/stm32f0xx_hal_cortex.o
                              0x8e14c (size before relaxing)
 .debug_str     0x00093581      0x118 ./Drivers/STM32F0xx_HAL_Driver/Src/stm32f0xx_hal_gpio.o
                              0x8df06 (size before relaxing)
 .debug_str     0x00093699      0xe5e ./Drivers/STM32F0xx_HAL_Driver/Src/stm32f0xx_hal_i2c.o
                              0x8f0c3 (size before relaxing)
 .debug_str     0x000944f7       0xb8 ./Drivers/STM32F0xx_HAL_Driver/Src/stm32f0xx_hal_i2c_ex.o
                              0x8e2c3 (size before relaxing)
 .debug_str     0x000945af      0x556 ./Drivers/STM32F0xx_HAL_Driver/Src/stm32f0xx_hal_pcd.o
                              0x8e630 (size before relaxing)
 .debug_str     0x00094b05      0x186 ./Drivers/STM32F0xx_HAL_Driver/Src/stm32f0xx_hal_pcd_ex.o
                              0x8e26c (size before relaxing)
 .debug_str     0x00094c8b      0x20f ./Drivers/STM32F0xx_HAL_Driver/Src/stm32f0xx_hal_rcc.o
                              0x8e1ac (size before relaxing)
 .debug_str     0x00094e9a      0x2af ./Drivers/STM32F0xx_HAL_Driver/Src/stm32f0xx_hal_rcc_ex.o
                              0x8e164 (size before relaxing)
 .debug_str     0x00095149      0x557 ./Drivers/STM32F0xx_HAL_Driver/Src/stm32f0xx_hal_spi.o
                              0x8e6d5 (size before relaxing)
 .debug_str     0x000956a0      0x247 ./Drivers/STM32F0xx_HAL_Driver/Src/stm32f0xx_hal_tsc.o
                              0x8e173 (size before relaxing)
 .debug_str     0x000958e7       0xd3 ./Drivers/STM32F0xx_HAL_Driver/Src/stm32f0xx_ll_usb.o
                              0x8e16d (size before relaxing)

.comment        0x00000000       0x43
 .comment       0x00000000       0x43 ./Core/Src/main.o
                                 0x44 (size before relaxing)
 .comment       0x00000043       0x44 ./Core/Src/ssd1306.o
 .comment       0x00000043       0x44 ./Core/Src/stm32f0xx_hal_msp.o
 .comment       0x00000043       0x44 ./Core/Src/stm32f0xx_it.o
 .comment       0x00000043       0x44 ./Core/Src/system_stm32f0xx.o
 .comment       0x00000043       0x44 ./Drivers/STM32F0xx_HAL_Driver/Src/stm32f0xx_hal.o
 .comment       0x00000043       0x44 ./Drivers/STM32F0xx_HAL_Driver/Src/stm32f0xx_hal_cortex.o
 .comment       0x00000043       0x44 ./Drivers/STM32F0xx_HAL_Driver/Src/stm32f0xx_hal_gpio.o
 .comment       0x00000043       0x44 ./Drivers/STM32F0xx_HAL_Driver/Src/stm32f0xx_hal_i2c.o
 .comment       0x00000043       0x44 ./Drivers/STM32F0xx_HAL_Driver/Src/stm32f0xx_hal_i2c_ex.o
 .comment       0x00000043       0x44 ./Drivers/STM32F0xx_HAL_Driver/Src/stm32f0xx_hal_pcd.o
 .comment       0x00000043       0x44 ./Drivers/STM32F0xx_HAL_Driver/Src/stm32f0xx_hal_pcd_ex.o
 .comment       0x00000043       0x44 ./Drivers/STM32F0xx_HAL_Driver/Src/stm32f0xx_hal_rcc.o
 .comment       0x00000043       0x44 ./Drivers/STM32F0xx_HAL_Driver/Src/stm32f0xx_hal_rcc_ex.o
 .comment       0x00000043       0x44 ./Drivers/STM32F0xx_HAL_Driver/Src/stm32f0xx_hal_spi.o
 .comment       0x00000043       0x44 ./Drivers/STM32F0xx_HAL_Driver/Src/stm32f0xx_hal_tsc.o
 .comment       0x00000043       0x44 ./Drivers/STM32F0xx_HAL_Driver/Src/stm32f0xx_ll_usb.o

.debug_frame    0x00000000     0x2d68
 .debug_frame   0x00000000       0xfc ./Core/Src/main.o
 .debug_frame   0x000000fc      0x36c ./Core/Src/ssd1306.o
 .debug_frame   0x00000468      0x130 ./Core/Src/stm32f0xx_hal_msp.o
 .debug_frame   0x00000598       0x9c ./Core/Src/stm32f0xx_it.o
 .debug_frame   0x00000634       0x4c ./Core/Src/system_stm32f0xx.o
 .debug_frame   0x00000680      0x2a4 ./Drivers/STM32F0xx_HAL_Driver/Src/stm32f0xx_hal.o
 .debug_frame   0x00000924      0x2a0 ./Drivers/STM32F0xx_HAL_Driver/Src/stm32f0xx_hal_cortex.o
 .debug_frame   0x00000bc4      0x110 ./Drivers/STM32F0xx_HAL_Driver/Src/stm32f0xx_hal_gpio.o
 .debug_frame   0x00000cd4      0xa68 ./Drivers/STM32F0xx_HAL_Driver/Src/stm32f0xx_hal_i2c.o
 .debug_frame   0x0000173c       0xd0 ./Drivers/STM32F0xx_HAL_Driver/Src/stm32f0xx_hal_i2c_ex.o
 .debug_frame   0x0000180c      0x498 ./Drivers/STM32F0xx_HAL_Driver/Src/stm32f0xx_hal_pcd.o
 .debug_frame   0x00001ca4      0x110 ./Drivers/STM32F0xx_HAL_Driver/Src/stm32f0xx_hal_pcd_ex.o
 .debug_frame   0x00001db4      0x198 ./Drivers/STM32F0xx_HAL_Driver/Src/stm32f0xx_hal_rcc.o
 .debug_frame   0x00001f4c      0x180 ./Drivers/STM32F0xx_HAL_Driver/Src/stm32f0xx_hal_rcc_ex.o
 .debug_frame   0x000020cc      0x710 ./Drivers/STM32F0xx_HAL_Driver/Src/stm32f0xx_hal_spi.o
 .debug_frame   0x000027dc      0x250 ./Drivers/STM32F0xx_HAL_Driver/Src/stm32f0xx_hal_tsc.o
 .debug_frame   0x00002a2c      0x2d0 ./Drivers/STM32F0xx_HAL_Driver/Src/stm32f0xx_ll_usb.o
 .debug_frame   0x00002cfc       0x20 /home/bmc/tools/stm32cubeide/plugins/com.st.stm32cube.ide.mcu.externaltools.gnu-tools-for-stm32.12.3.rel1.linux64_1.1.0.202410170702/tools/bin/../lib/gcc/arm-none-eabi/12.3.1/../../../../arm-none-eabi/lib/thumb/v6-m/nofp/libc_nano.a(libc_a-memset.o)
 .debug_frame   0x00002d1c       0x2c /home/bmc/tools/stm32cubeide/plugins/com.st.stm32cube.ide.mcu.externaltools.gnu-tools-for-stm32.12.3.rel1.linux64_1.1.0.202410170702/tools/bin/../lib/gcc/arm-none-eabi/12.3.1/../../../../arm-none-eabi/lib/thumb/v6-m/nofp/libc_nano.a(libc_a-init.o)
 .debug_frame   0x00002d48       0x20 /home/bmc/tools/stm32cubeide/plugins/com.st.stm32cube.ide.mcu.externaltools.gnu-tools-for-stm32.12.3.rel1.linux64_1.1.0.202410170702/tools/bin/../lib/gcc/arm-none-eabi/12.3.1/thumb/v6-m/nofp/libgcc.a(_udivsi3.o)

.debug_line_str
                0x00000000       0x4f
 .debug_line_str
                0x00000000       0x4f ./Core/Startup/startup_stm32f072rbtx.o
